


ARM Macro Assembler    Page 1 


    1 00000000                 AREA             Program,CODE,READONLY
    2 00000000                 ENTRY
    3 00000000         Main
    4 00000000 E59F001C        LDR              R0,=Value1
    5 00000004 E5901000        LDR              R1,[R0]
    6 00000008         
    7 00000008 E59F0018        LDR              R0,=Value2
    8 0000000C E5902000        LDR              R2,[R0]
    9 00000010         
   10 00000010 E0813002        ADD              R3,R1,R2
   11 00000014         
   12 00000014 E3A00101        LDR              R0,=0x40000000
   13 00000018 E5803000        STR              R3,[R0]
   14 0000001C 00001111 
                       Value1  DCD              0x00001111
   15 00000020 11110000 
                       Value2  DCD              0x11110000
   16 00000024                 END
              00000000 
              00000000 
Command Line: --debug --xref --diag_suppress=9931 --apcs=interwork --depend=.\o
bjects\add32b_num.d -o.\objects\add32b_num.o -IC:\Keil_v5\ARM\RV31\INC -IC:\Kei
l_v5\ARM\CMSIS\Include --predefine="__EVAL SETA 1" --predefine="__UVISION_VERSI
ON SETA 529" --list=.\listings\add32b_num.lst add32b_num.s



ARM Macro Assembler    Page 1 Alphabetic symbol ordering
Relocatable symbols

Main 00000000

Symbol: Main
   Definitions
      At line 3 in file add32b_num.s
   Uses
      None
Comment: Main unused
Program 00000000

Symbol: Program
   Definitions
      At line 1 in file add32b_num.s
   Uses
      None
Comment: Program unused
Value1 0000001C

Symbol: Value1
   Definitions
      At line 14 in file add32b_num.s
   Uses
      At line 4 in file add32b_num.s
Comment: Value1 used once
Value2 00000020

Symbol: Value2
   Definitions
      At line 15 in file add32b_num.s
   Uses
      At line 7 in file add32b_num.s
Comment: Value2 used once
4 symbols
338 symbols in table
