Component: ARM Compiler 5.06 update 6 (build 750) Tool: armlink [4d35ed]

==============================================================================

Section Cross References



==============================================================================

Image Symbol Table

    Local Symbols

    Symbol Name                              Value     Ov Type        Size  Object(Section)

    RESET                                    0x00000000   Section       52  ones_zeroes_32b_num.o(RESET)
    factorial_subroutine.s                   0x00000000   Number         0  factorial_subroutine.o ABSOLUTE
    ones_zeroes_32b_num.s                    0x00000000   Number         0  ones_zeroes_32b_num.o ABSOLUTE
    mycode                                   0x00000034   Section       60  factorial_subroutine.o(mycode)

    Global Symbols

    Symbol Name                              Value     Ov Type        Size  Object(Section)

    BuildAttributes$$THM_ISAv1$ARM_ISAv4$S$PE$A:L22$X:L11$S22$IEEE1$IW$USESV6$~STKCKD$USESV7$~SHL$OSPACE$EBA8$STANDARDLIB$PRES8$EABIv2 0x00000000   Number         0  anon$$obj.o ABSOLUTE



==============================================================================

Memory Map of the image

  Image Entry point : 0x00000000

  Load Region LR_1 (Base: 0x00000000, Size: 0x00000070, Max: 0xffffffff, ABSOLUTE)

    Execution Region ER_RO (Exec base: 0x00000000, Load base: 0x00000000, Size: 0x00000070, Max: 0xffffffff, ABSOLUTE)

    Exec Addr    Load Addr    Size         Type   Attr      Idx    E Section Name        Object

    0x00000000   0x00000000   0x00000034   Code   RO            1  * RESET               ones_zeroes_32b_num.o
    0x00000034   0x00000034   0x0000003c   Code   RO            6  * mycode              factorial_subroutine.o


    Execution Region ER_RW (Exec base: 0x00000000, Load base: 0x00000070, Size: 0x00000000, Max: 0xffffffff, ABSOLUTE)

    **** No section assigned to this execution region ****


    Execution Region ER_ZI (Exec base: 0x00000000, Load base: 0x00000070, Size: 0x00000000, Max: 0xffffffff, ABSOLUTE)

    **** No section assigned to this execution region ****


==============================================================================

Image component sizes


      Code (inc. data)   RO Data    RW Data    ZI Data      Debug   Object Name

        60          0          0          0          0        248   factorial_subroutine.o
        52          0          0          0          0        276   ones_zeroes_32b_num.o

    ----------------------------------------------------------------------
       112          0          0          0          0        524   Object Totals
         0          0          0          0          0          0   (incl. Generated)
         0          0          0          0          0          0   (incl. Padding)

    ----------------------------------------------------------------------
         0          0          0          0          0          0   Library Totals
         0          0          0          0          0          0   (incl. Padding)

    ----------------------------------------------------------------------

==============================================================================


      Code (inc. data)   RO Data    RW Data    ZI Data      Debug   

       112          0          0          0          0        524   Grand Totals
       112          0          0          0          0        524   ELF Image Totals
       112          0          0          0          0          0   ROM Totals

==============================================================================

    Total RO  Size (Code + RO Data)                  112 (   0.11kB)
    Total RW  Size (RW Data + ZI Data)                 0 (   0.00kB)
    Total ROM Size (Code + RO Data + RW Data)        112 (   0.11kB)

==============================================================================

