


ARM Macro Assembler    Page 1 


    1 00000000         ;Convert a given number from 0x4000 0000 hex value to AS
                       CII.
    2 00000000         
    3 00000000                 AREA             PROGRAM,CODE,READONLY
    4 00000000                 ENTRY
    5 00000000         MAIN
    6 00000000 E3A00101        LDR              R0,=0x40000000
    7 00000004 E5D00000        LDRB             R0,[R0]
    8 00000008 E350000A        CMP              R0,#0xA
    9 0000000C BA000000        BLT              NEXT
   10 00000010 E2800007        ADD              R0,R0,#7
   11 00000014         
   12 00000014         NEXT
   13 00000014 E2800030        ADD              R0,R0,#0x30
   14 00000018 E3A02111        LDR              R2,=0x40000004
   15 0000001C E5C20000        STRB             R0,[R2]
   16 00000020         STOP
   17 00000020 EAFFFFFE        B                STOP
   18 00000024                 END
Command Line: --debug --xref --diag_suppress=9931 --apcs=interwork --depend=.\o
bjects\hexa2ascii.d -o.\objects\hexa2ascii.o -IC:\Keil_v5\ARM\RV31\INC -IC:\Kei
l_v5\ARM\CMSIS\Include --predefine="__EVAL SETA 1" --predefine="__UVISION_VERSI
ON SETA 529" --list=.\listings\hexa2ascii.lst hexa2ascii.s



ARM Macro Assembler    Page 1 Alphabetic symbol ordering
Relocatable symbols

MAIN 00000000

Symbol: MAIN
   Definitions
      At line 5 in file hexa2ascii.s
   Uses
      None
Comment: MAIN unused
NEXT 00000014

Symbol: NEXT
   Definitions
      At line 12 in file hexa2ascii.s
   Uses
      At line 9 in file hexa2ascii.s
Comment: NEXT used once
PROGRAM 00000000

Symbol: PROGRAM
   Definitions
      At line 3 in file hexa2ascii.s
   Uses
      None
Comment: PROGRAM unused
STOP 00000020

Symbol: STOP
   Definitions
      At line 16 in file hexa2ascii.s
   Uses
      At line 17 in file hexa2ascii.s
Comment: STOP used once
4 symbols
336 symbols in table
